// Jest Snapshot v1, https://goo.gl/fbAQLP

exports[`Should render Forecast component correctly 1`] = `
<div
  className="MuiBox-root css-i9gxme"
>
  <h2>
    5 Days forcast for 
    Sofia
  </h2>
  <div
    className="MuiGrid-root MuiGrid-container MuiGrid-spacing-xs-2 css-mhc70k-MuiGrid-root"
  >
    <div
      className="MuiGrid-root MuiGrid-item MuiGrid-grid-xs-true css-4jz4pb-MuiGrid-root"
    >
      <div
        className="day-card-box MuiBox-root css-0"
        onClick={[Function]}
      >
        <div
          className="MuiPaper-root MuiPaper-elevation MuiPaper-rounded MuiPaper-elevation1 MuiCard-root css-2v22o2-MuiPaper-root-MuiCard-root"
        >
          <div
            className="MuiCardContent-root css-46bh2p-MuiCardContent-root"
          >
            <p
              className="MuiTypography-root MuiTypography-body1 MuiTypography-gutterBottom css-16m3jxf-MuiTypography-root"
            >
              Thursday
            </p>
            <div
              className="MuiTypography-root MuiTypography-h5 css-ag7rrr-MuiTypography-root"
            >
              7.4
              Â°C
            </div>
            <p
              className="MuiTypography-root MuiTypography-body1 css-698btc-MuiTypography-root"
            >
              <img
                src="http://openweathermap.org/img/w/04d.png"
              />
            </p>
            <h5
              className="MuiTypography-root MuiTypography-h5 css-ag7rrr-MuiTypography-root"
            >
              broken clouds
            </h5>
          </div>
        </div>
      </div>
    </div>
  </div>
</div>
`;
