// Jest Snapshot v1, https://goo.gl/fbAQLP

exports[`Should render DayCard component correctly 1`] = `
<div
  className="MuiGrid-root MuiGrid-item MuiGrid-grid-xs-true css-4jz4pb-MuiGrid-root"
>
  <div
    className="day-card-box MuiBox-root css-0"
    onClick={[Function]}
  >
    <div
      className="MuiPaper-root MuiPaper-elevation MuiPaper-rounded MuiPaper-elevation1 MuiCard-root css-2v22o2-MuiPaper-root-MuiCard-root"
    >
      <div
        className="MuiCardContent-root css-46bh2p-MuiCardContent-root"
      >
        <p
          className="MuiTypography-root MuiTypography-body1 MuiTypography-gutterBottom css-16m3jxf-MuiTypography-root"
        >
          Thursday
        </p>
        <div
          className="MuiTypography-root MuiTypography-h5 css-ag7rrr-MuiTypography-root"
        >
          7.4
          Â°C
        </div>
        <p
          className="MuiTypography-root MuiTypography-body1 css-9eg9l8-MuiTypography-root"
        >
          <img
            src="http://openweathermap.org/img/w/04d.png"
          />
        </p>
        <h5
          className="MuiTypography-root MuiTypography-h5 css-ag7rrr-MuiTypography-root"
        >
          broken clouds
        </h5>
      </div>
    </div>
  </div>
</div>
`;
